
> uitutive@1.0.0 frontend:test
> ng test --watch=false --browsers=ChromeHeadless

[33mΓ¥»[39m Building...
[32mΓ£ö[39m Building...
Application bundle generation failed. [3.146 seconds] - 2025-12-07T05:34:45.846Z

node.exe : [1m[31m[31mX [41;31m[[41;97mERROR[41;31m][0m [1mCould not resolve "@angular/animations/browser"[0m
At line:1 char:1
+ & "C:\Program Files\nodejs/node.exe" "C:\Users\rajiv\AppData\Roaming\ ...
+ ~~~~~~~~~~~~~~~~~~~~~~~~~~~~~~~~~~~~~~~~~~~~~~~~~~~~~~~~~~~~~~~~~~~~~
    + CategoryInfo          : NotSpecified: ([1m[31m[31mX...ns/browser"[0m:String) [], RemoteException
    + FullyQualifiedErrorId : NativeCommandError
 

    node_modules/@angular/platform-browser/fesm2022/animations.mjs:10:20:
[37m      10 Γöé import * as i1 from [32m'@angular/animations/browser'[37m;
         Γò╡                     [32m~~~~~~~~~~~~~~~~~~~~~~~~~~~~~[0m

  You can mark the path "@angular/animations/browser" as external to exclude it from the bundle, which will remove this error 
and leave the unresolved path in the bundle.

[39m[22m
